in terminal rule: top of stack is Elvis

[Elvis [Elvis [is dead]]]:type(type(type(type(is, _)@type(dead, _), _)@type(Elvis, _), s)@type(Elvis, _), s)
