[Elvis, [[Elvis, [is, dead]], is]]:type(type(type(is, _)@type(type(type(is, _)@type(dead, _), _)@type(Elvis, _), s), _)@type(Elvis, _), s)
