[Elvis [dead is]]:type(type(type(is, _)@type(dead, _), _)@type(Elvis, _), s)
