[Elvis [[Elvis [is dead]] Elvis]]:type(type(Elvis, _)@type(type(Elvis, _)@type(type(type(is, _)@type(dead, _), _)@type(Elvis, _), s), _), s)
