[Elvis [Elvis [is dead]]]:type(type(type(Elvis, _)@type(type(is, _)@type(dead, _), _), _)@type(Elvis, _), s)
