
[Elvis [is dead]]:type(type(Elvis, _)@type(type(is, _)@type(dead, _), _), s)
