
[Elvis [[Elvis [is dead]] Elvis]]:type(type(Elvis, _)@type(type(type(type(is, _)@type(dead, _), _)@type(Elvis, _), s)@type(Elvis, _), _), s)
