
[Elvis [is [Elvis [is dead]]]]:type(type(type(is, _)@type(type(type(is, _)@type(dead, _), _)@type(Elvis, _), s), _)@type(Elvis, _), s)
