[[Elvis, Presley], [is, dead]]:type(type(type(is, _)@type(dead, _), _)@type(°‚O@type(Elvis, _), _), s)
