
[Elvis [dead is]]:type(type(type(dead, _)@type(is, _), _)@type(Elvis, _), s)
