[Elvis [Elvis [is dead]]]:type(type(Elvis, _)@type(type(type(is, _)@type(dead, _), _)@type(Elvis, _), s), s)