[Elvis [is dead]]:type(type(type(type(is, _)@type(dead, _), _)@type(Elvis, _), s), s)