[[[The [National Association]] [of Manufacturers]] [[settled [on [[the [Hoosier capital]] [of Indianapolis]]]] [for [its [fall [board meeting]]]]]]:
